// Jest Snapshot v1, https://goo.gl/fbAQLP

exports[`Foo render correctly 1`] = `
<div>
  Foo
</div>
`;
